Resolving dependencies...
Downloading packages...
  _flutterfire_internals 1.3.59 (1.3.77 available)
  clock 1.1.2 (1.1.3 available)
  cloud_firestore 5.6.12 (6.9.0 available)
  cloud_firestore_platform_interface 6.6.12 (8.0.7 available)
  cloud_firestore_web 4.4.12 (5.7.3 available)
  code_assets 1.2.1 (2.0.0 available)
  connectivity_plus 6.1.5 (7.3.1 available)
  file_picker 10.3.10 (12.2.0 available)
  firebase_auth 5.7.0 (6.6.1 available)
  firebase_auth_platform_interface 7.7.3 (9.0.7 available)
  firebase_auth_web 5.15.3 (6.2.7 available)
  firebase_core 3.15.2 (4.14.0 available)
  firebase_core_platform_interface 6.0.3 (8.1.1 available)
  firebase_core_web 2.24.1 (3.11.0 available)
  fl_chart 0.68.0 (1.2.0 available)
  flutter_local_notifications 18.0.1 (22.3.0 available)
  flutter_local_notifications_linux 5.0.0 (8.0.1 available)
  flutter_local_notifications_platform_interface 8.0.0 (12.2.0 available)
  flutter_secure_storage 9.2.4 (11.0.0 available)
  flutter_secure_storage_linux 1.2.3 (3.0.2 available)
  flutter_secure_storage_macos 3.1.3 (4.0.0 available)
  flutter_secure_storage_platform_interface 1.1.2 (2.0.3 available)
  flutter_secure_storage_web 1.2.1 (2.1.1 available)
  flutter_secure_storage_windows 3.1.2 (4.2.2 available)
  google_sign_in 6.3.0 (7.2.0 available)
  google_sign_in_android 6.2.1 (7.2.17 available)
  google_sign_in_ios 5.9.0 (6.3.3 available)
  google_sign_in_platform_interface 2.5.0 (3.1.0 available)
  google_sign_in_web 0.12.4+4 (1.1.3 available)
  home_widget 0.7.0+1 (0.9.3 available)
  hooks 2.0.2 (2.2.0 available)
  intl 0.20.2 (0.20.3 available)
  jni_flutter 1.0.2 (1.0.3 available)
  js 0.6.7 (0.7.2 available)
  matcher 0.12.19 (0.12.20 available)
  material_color_utilities 0.13.0 (0.13.1 available)
  meta 1.18.0 (1.19.0 available)
  objective_c 9.5.0 (9.6.0 available)
  package_config 2.2.0 (3.0.0 available)
  package_info_plus 8.3.1 (10.2.1 available)
  package_info_plus_platform_interface 3.2.1 (4.1.0 available)
  record_use 0.6.0 (1.1.1 available)
  stack_trace 1.12.1 (1.12.2 available)
  test_api 0.7.11 (0.7.14 available)
  timezone 0.9.4 (0.11.1 available)
  vector_math 2.2.0 (2.4.2 available)
  win32 5.15.0 (6.4.0 available)
  window_manager 0.4.3 (0.5.2 available)
Got dependencies!
48 packages have newer versions incompatible with dependency constraints.
Try `flutter pub outdated` for more information.
Running Gradle task 'assembleRelease'...                        
WARNING: Your app uses the following plugins that apply Kotlin Gradle Plugin (KGP): file_picker, home_widget, package_info_plus
Future versions of Flutter will fail to build if your app uses plugins that apply KGP.

Please check the changelogs of these plugins and upgrade to a version that supports Built-in Kotlin.
If no such version exists, report the issue to the plugin. If necessary, here is a guide on filing 
an issue against a plugin: https://docs.flutter.dev/release/breaking-changes/migrate-to-built-in-kotlin/for-app-developers#report-incompatible-kotlin-gradle-plugin-usage-to-plugin-authors

If you are a plugin author, please migrate your plugin to Built-in Kotlin using this guide: https://docs.flutter.dev/release/breaking-changes/migrate-to-built-in-kotlin/for-plugin-authors
Font asset "MaterialIcons-Regular.otf" was tree-shaken, reducing it from 1645184 to 17624 bytes (98.9% reduction). Tree-shaking can be disabled by providing the --no-tree-shake-icons flag when building your app.
Running Gradle task 'assembleRelease'...                          217.6s
√ Built build\app\outputs\flutter-apk\app-release.apk (69.8MB)
